<?xml version="1.0" encoding="UTF-8"?>
<TestRun id="efec766b-d6a5-4d9b-9b2a-5d635712585d" name="jobney@JUSTIN-PC 2012-09-20 15:44:22" runUser="MMRGRP\jobney" xmlns="http://microsoft.com/schemas/VisualStudio/TeamTest/2010">
  <TestSettings name="Local" id="5ba78bc4-b232-4926-8b8b-009dc7b5799b">
    <Description>These are default test settings for a local test run.</Description>
    <Deployment enabled="false" runDeploymentRoot="jobney_JUSTIN-PC 2012-09-20 15_44_22" />
    <Execution>
      <TestTypeSpecific />
      <AgentRule name="Execution Agents">
      </AgentRule>
    </Execution>
  </TestSettings>
  <Times creation="2012-09-20T15:44:22.4503001-05:00" queuing="2012-09-20T15:44:36.5693001-05:00" start="2012-09-20T15:44:36.6523001-05:00" finish="2012-09-20T15:44:37.5973001-05:00" />
  <ResultSummary outcome="Inconclusive">
    <Counters total="1" executed="1" error="0" failed="0" timeout="0" aborted="0" inconclusive="1" passedButRunAborted="0" notRunnable="0" notExecuted="0" disconnected="0" warning="0" passed="0" completed="0" inProgress="0" pending="0" />
  </ResultSummary>
  <TestDefinitions>
    <UnitTest name="TestMethod1" storage="c:\users\jobney\documents\git\iti_todo_mvc\todo_test\bin\debug\todo_test.dll" id="2c37e6b2-9873-75ed-de00-3ca719e23e51">
      <Execution id="1c78e167-3a95-43aa-8864-959c115a092c" />
      <TestMethod codeBase="C:/Users/jobney/Documents/Git/ITI_Todo_MVC/Todo_Test/bin/Debug/Todo_Test.DLL" adapterTypeName="Microsoft.VisualStudio.TestTools.TestTypes.Unit.UnitTestAdapter, Microsoft.VisualStudio.QualityTools.Tips.UnitTest.Adapter, Version=10.0.0.0, Culture=neutral, PublicKeyToken=b03f5f7f11d50a3a" className="Todo_Test.DataAccess_Tests, Todo_Test, Version=1.0.0.0, Culture=neutral, PublicKeyToken=null" name="TestMethod1" />
    </UnitTest>
  </TestDefinitions>
  <TestLists>
    <TestList name="Results Not in a List" id="8c84fa94-04c1-424b-9868-57a2d4851a1d" />
    <TestList name="All Loaded Results" id="19431567-8539-422a-85d7-44ee4e166bda" />
  </TestLists>
  <TestEntries>
    <TestEntry testId="2c37e6b2-9873-75ed-de00-3ca719e23e51" executionId="1c78e167-3a95-43aa-8864-959c115a092c" testListId="8c84fa94-04c1-424b-9868-57a2d4851a1d" />
  </TestEntries>
  <Results>
    <UnitTestResult executionId="1c78e167-3a95-43aa-8864-959c115a092c" testId="2c37e6b2-9873-75ed-de00-3ca719e23e51" testName="TestMethod1" computerName="JUSTIN-PC" duration="00:00:00.1797582" startTime="2012-09-20T15:44:36.6973001-05:00" endTime="2012-09-20T15:44:37.3683001-05:00" testType="13cdc9d9-ddb5-4fa4-a97d-d965ccfc6d4b" outcome="Inconclusive" testListId="8c84fa94-04c1-424b-9868-57a2d4851a1d" relativeResultsDirectory="1c78e167-3a95-43aa-8864-959c115a092c">
      <Output>
        <ErrorInfo>
          <Message>Assert.Inconclusive failed. No test to run...</Message>
          <StackTrace>   at Todo_Test.DataAccess_Tests.TestMethod1() in C:\Users\jobney\Documents\Git\ITI_Todo_MVC\Todo_Test\DataAccess_Tests.cs:line 65
</StackTrace>
        </ErrorInfo>
      </Output>
    </UnitTestResult>
  </Results>
</TestRun>